Command: /Users/austi/.espressif/python_env/idf5.5_py3.13_env/bin/python /Users/austi/esp/esp-idf/tools/idf_monitor.py -p /dev/cu.usbserial-0001 -b 115200 --toolchain-prefix xtensa-esp32-elf- --target esp32 --revision 0 /Users/austi/esp/strumlight-esp/build/app-template.elf /Users/austi/esp/strumlight-esp/build/bootloader/bootloader.elf -m '/Users/austi/.espressif/python_env/idf5.5_py3.13_env/bin/python' '/Users/austi/esp/esp-idf/tools/idf.py'
ets Jul 29 2019 12:21:46

rst:0x1 (POWERON_RESET),boot:0x13 (SPI_FAST_FLASH_BOOT)
configsip: 0, SPIWP:0xee
clk_drv:0x00,q_drv:0x00,d_drv:0x00,cs0_drv:0x00,hd_drv:0x00,wp_drv:0x00
mode:DIO, clock div:2
load:0x3fff0030,len:6328
load:0x40078000,len:15828
load:0x40080400,len:3860
entry 0x40080638
[0;32mI (27) boot: ESP-IDF v5.5-dev-1655-gc5865270b5 2nd stage bootloader[0m
[0;32mI (27) boot: compile time Feb  4 2025 08:33:51[0m
[0;32mI (27) boot: Multicore bootloader[0m
[0;32mI (30) boot: chip revision: v3.1[0m
[0;32mI (33) boot.esp32: SPI Speed      : 40MHz[0m
[0;32mI (37) boot.esp32: SPI Mode       : DIO[0m
[0;32mI (40) boot.esp32: SPI Flash Size : 2MB[0m
[0;32mI (44) boot: Enabling RNG early entropy source...[0m
[0;32mI (49) boot: Partition Table:[0m
[0;32mI (51) boot: ## Label            Usage          Type ST Offset   Length[0m
[0;32mI (57) boot:  0 nvs              WiFi data        01 02 00009000 00006000[0m
[0;32mI (64) boot:  1 phy_init         RF data          01 01 0000f000 00001000[0m
[0;32mI (71) boot:  2 factory          factory app      00 00 00010000 00100000[0m
[0;32mI (77) boot: End of partition table[0m
[0;32mI (80) esp_image: segment 0: paddr=00010020 vaddr=3f400020 size=11b88h ( 72584) map[0m
[0;32mI (113) esp_image: segment 1: paddr=00021bb0 vaddr=3ff80000 size=0001ch (    28) load[0m
[0;32mI (113) esp_image: segment 2: paddr=00021bd4 vaddr=3ffbdb60 size=04cf0h ( 19696) load[0m
[0;32mI (124) esp_image: segment 3: paddr=000268cc vaddr=40080000 size=0974ch ( 38732) load[0m
[0;32mI (139) esp_image: segment 4: paddr=00030020 vaddr=400d0020 size=57214h (356884) map[0m
[0;32mI (261) esp_image: segment 5: paddr=0008723c vaddr=4008974c size=0e724h ( 59172) load[0m
[0;32mI (296) boot: Loaded app from partition at offset 0x10000[0m
[0;32mI (297) boot: Disabling RNG early entropy source...[0m
[0;32mI (307) cpu_start: Multicore app[0m
[0;32mI (315) cpu_start: Pro cpu start user code[0m
[0;32mI (315) cpu_start: cpu freq: 160000000 Hz[0m
[0;32mI (316) app_init: Application information:[0m
[0;32mI (316) app_init: Project name:     app-template[0m
[0;32mI (320) app_init: App version:      3c8b65b-dirty[0m
[0;32mI (324) app_init: Compile time:     Feb  4 2025 08:34:13[0m
[0;32mI (329) app_init: ELF file SHA256:  cacc916d2...[0m
[0;32mI (334) app_init: ESP-IDF:          v5.5-dev-1655-gc5865270b5[0m
[0;32mI (339) efuse_init: Min chip rev:     v0.0[0m
[0;32mI (343) efuse_init: Max chip rev:     v3.99 [0m
[0;32mI (347) efuse_init: Chip rev:         v3.1[0m
[0;32mI (351) heap_init: Initializing. RAM available for dynamic allocation:[0m
[0;32mI (357) heap_init: At 3FFAFF10 len 000000F0 (0 KiB): DRAM[0m
[0;32mI (362) heap_init: At 3FFB6388 len 00001C78 (7 KiB): DRAM[0m
[0;32mI (367) heap_init: At 3FFB9A20 len 00004108 (16 KiB): DRAM[0m
[0;32mI (373) heap_init: At 3FFC5B90 len 0001A470 (105 KiB): DRAM[0m
[0;32mI (378) heap_init: At 3FFE0440 len 00003AE0 (14 KiB): D/IRAM[0m
[0;32mI (383) heap_init: At 3FFE4350 len 0001BCB0 (111 KiB): D/IRAM[0m
[0;32mI (389) heap_init: At 40097E70 len 00008190 (32 KiB): IRAM[0m
[0;32mI (395) spi_flash: detected chip: generic[0m
[0;32mI (398) spi_flash: flash io: dio[0m
[0;33mW (401) spi_flash: Detected size(4096k) larger than the size in the binary image header(2048k). Using the size in the binary image header.[0m
[0;32mI (414) coexist: coex firmware version: 5e934a2[0m
[0;32mI (418) main_task: Started on CPU0[0m
[0;32mI (428) main_task: Calling app_main()[0m
ðŸš€ StrumLight ESP32 BLE Starting...
ðŸš€ Initializing BLE...
[0;33mW (938) BTDM_INIT: esp_bt_controller_rom_mem_release already released, mode 2[0m
[0;32mI (938) BTDM_INIT: BT controller compile version [194dd63][0m
[0;32mI (938) BTDM_INIT: Bluetooth MAC: 3c:8a:1f:7e:6c:f2[0m
[0;32mI (938) phy_init: phy_version 4840,02e0d70,Sep  2 2024,19:39:07[0m
ðŸ“¡ BLE Initialized as 'StrumLight'
[0;32mI (1318) NimBLE: GAP procedure initiated: advertise; [0m
[0;32mI (1318) NimBLE: disc_mode=2[0m
[0;32mI (1318) NimBLE:  adv_channel_map=0 own_addr_type=0 adv_filter_policy=0 adv_itvl_min=160 adv_itvl_max=320[0m
[0;32mI (1318) NimBLE: [0m

âœ… BLE service started and advertising as 'StrumLight'
ðŸ“¡ ESP32 BLE Address: 3c:8a:1f:7e:6c:f2
ðŸ“¡ BLE Running...
ðŸ“¡ BLE Running...
ðŸ“¡ BLE Running...
ðŸ“¡ BLE Running...
ðŸ“¡ BLE Running...
ðŸ“¡ BLE Running...
ðŸ“¡ BLE Running...
ðŸ“¡ BLE Running...
ðŸ“¡ BLE Running...
ðŸ“¡ BLE Running...
ðŸ“¡ BLE Running...
ðŸ“¡ BLE Running...
ðŸ“¡ BLE Running...
ðŸ“¡ BLE Running...
ðŸ“¡ BLE Running...
ðŸ“¡ BLE Running...
ï¿½ï¿½ï¿½ï¿½ï¿½ï¿½ï¿½ï¿½ï¿½ï¿½ï¿½ï¿½ï¿½ï¿½ï¿½ï¿½ï¿½ï¿½ï¿½ï¿½ï¿½ï¿½ï¿½ï¿½ï¿½ï¿½ï¿½ï¿½ï¿½ï¿½ï¿½ï¿½ï¿½ï¿½ï¿½ï¿½ï¿½ï¿½ï¿½ï¿½ï¿½ï¿½ï¿½ï¿½ï¿½ï¿½ï¿½ï¿½ï¿½ï¿½ï¿½ï¿½ï¿½ï¿½ï¿½ï¿½ï¿½ï¿½ï¿½ï¿½ï¿½ï¿½ï¿½ï¿½ï¿½ï¿½ï¿½ï¿½ BLE Running...
ðŸ“¡ BLE Running...
ðŸ“¡ BLE Running...
ðŸ“¡ BLE Running...
ðŸ“¡ BLE Running...
ðŸ“¡ BLE Running...
ðŸ“¡ BLE Running...
ðŸ“¡ BLE Running...
ðŸ“¡ BLE Running...
ï¿½ï¿½ï¿½ï¿½ï¿½ï¿½ï¿½ï¿½ï¿½ï¿½ï¿½ï¿½ï¿½ï¿½ï¿½ï¿½ï¿½ï¿½ï¿½ï¿½ï¿½ï¿½ï¿½ï¿½ï¿½ï¿½ï¿½ï¿½ï¿½ï¿½ï¿½ï¿½ï¿½ï¿½ï¿½ï¿½ï¿½ï¿½ï¿½ï¿½ï¿½ï¿½ï¿½ï¿½ï¿½ï¿½ï¿½ï¿½ï¿½ï¿½ï¿½ï¿½ï¿½ï¿½ï¿½ï¿½ï¿½ï¿½ï¿½ï¿½ï¿½ï¿½ï¿½ï¿½ï¿½ï¿½ï¿½ï¿½ BLE Running...
ðŸ“¡ BLE Running...
ðŸ“¡ BLE Running...
ðŸ“¡ BLE Running...
ðŸ“¡ BLE Running...
ðŸ“¡ BLE Running...
ðŸ“¡ BLE Running...
ðŸ“¡ BLE Running...
ðŸ“¡ BLE Running...
